[upeu.edu.pe/index.html]
[backblue.gif]
[fade.gif]
[index.html]
[upeu.edu.pe/wp-content/uploads/siteground-optimizer-assets/siteground-optimizer-combined-css-1261aff55c09c38bc801b98f3e912be3.css]
[upeu.edu.pe/wp-content/plugins/popups-for-divi/styles/front.min.css]
[upeu.edu.pe/wp-content/plugins/divi-image-hover-pro-module/styles/style.min.css]
[upeu.edu.pe/wp-content/plugins/divimenus/styles/style.min.css]
[upeu.edu.pe/wp-content/plugins/revslider/admin/includes/shortcode_generator/divi/styles/style.min.css]
[upeu.edu.pe/wp-content/themes/Divi/style-static.min.css]
[upeu.edu.pe/wp-includes/js/jquery/jquery.min.js]
[upeu.edu.pe/feed/index.html]
[upeu.edu.pe/comments/feed/index.html]
[upeu.edu.pe/wp-json/index.html]
[upeu.edu.pe/wp-json/wp/v2/pages/128.json]
[upeu.edu.pe/wp-json/oembed/1.0/embed6f30.json]
[upeu.edu.pe/wp-json/oembed/1.0/embed936d]
[upeu.edu.pe/wp-content/uploads/2022/09/cropped-favicon-upeu-32x32.png]
[upeu.edu.pe/wp-content/uploads/2022/09/cropped-favicon-upeu-192x192.png]
[upeu.edu.pe/wp-content/uploads/2022/09/cropped-favicon-upeu-180x180.png]
[upeu.edu.pe/wp-content/et-cache/1/1/128/et-core-unified-tb-7-128.min4821.css]
[upeu.edu.pe/wp-content/et-cache/1/1/128/et-core-unified-tb-7-deferred-128.min4821.css]
[upeu.edu.pe/wp-content/uploads/2022/04/logo-upeu-dark-svg.svg]
[upeu.edu.pe/reavivados-por-su-palabra/index.html]
[upeu.edu.pe/transparencia/index.html]
[upeu.edu.pe/conocenos/index.html]
[upeu.edu.pe/wp-content/plugins/revslider/public/assets/assets/dummy.png]
[upeu.edu.pe/administracion-upeu/index.html]
[upeu.edu.pe/himno-upeu/index.html]
[upeu.edu.pe/wp-content/uploads/2022/01/fac-empr.jpg]
[upeu.edu.pe/mision-y-vision/index.html]
[upeu.edu.pe/wp-content/uploads/2022/01/fac-educ.jpg]
[i.ytimg.com/vi/NVCcyKB77ac/maxresdefault.jpg]
[upeu.edu.pe/resena-historica/index.html]
[upeu.edu.pe/universidad-saludable/index.html]
[upeu.edu.pe/secretariageneral/index.html]
[i.ytimg.com/vi/jUrKDmfYQKc/maxresdefault.jpg]
[upeu.edu.pe/fce/index.html]
[upeu.edu.pe/fce/administracion/index.html]
[upeu.edu.pe/fce/administracion-en-gestion-empresarial/index.html]
[upeu.edu.pe/fce/contabilidad/index.html]
[upeu.edu.pe/fce/marketing/index.html]
[upeu.edu.pe/facihed/index.html]
[upeu.edu.pe/facihed/ciencias-de-la-comunicacion/index.html]
[upeu.edu.pe/fia/index.html]
[upeu.edu.pe/fia/arquitectura-2/index.html]
[upeu.edu.pe/fia/industrias-alimentarias/index.html]
[upeu.edu.pe/fia/ingsistemas/index.html]
[upeu.edu.pe/fsalud/index.html]
[upeu.edu.pe/fia/ing-ambiental/index.html]
[upeu.edu.pe/fsalud/enfermeria/index.html]
[upeu.edu.pe/wp-content/uploads/2022/11/WhatsApp-Image-2022-11-03-at-4.19.02-PM-400x250.jpg]
[upeu.edu.pe/fia/ing-civil/index.html]
[upeu.edu.pe/fsalud/nutricion-humana/index.html]
[upeu.edu.pe/wp-content/uploads/2022/11/WhatsApp-Image-2022-11-03-at-3.44.09-PM-400x250.jpg]
[upeu.edu.pe/wp-content/uploads/2022/10/WhatsApp-Image-2022-10-21-at-1.48.43-PM-400x250.jpg]
[upeu.edu.pe/wp-content/uploads/2022/09/top-10-white.png]
[upeu.edu.pe/fsalud/psicologia/index.html]
[upeu.edu.pe/wp-content/uploads/2022/01/logo_blanco-sunedu-2018.png]
[upeu.edu.pe/noticias/egresado-de-la-upeu-represento-a-peru-en-cumbre-virtual-de-software-junto-a-lideres-de-tecnologia-del-mundo/index.html]
[upeu.edu.pe/teologia/index.html]
[upeu.edu.pe/investigacion/index.html]
[upeu.edu.pe/noticias/docente-de-la-escuela-de-medicina-es-premiado-por-su-investigacion-cientifica/index.html]
[upeu.edu.pe/wp-content/uploads/2022/01/logo_blanco_Sineace.png]
[upeu.edu.pe/wp-content/uploads/2022/01/AAA_logo_blanco.png]
[upeu.edu.pe/noticias/romulo-giovani-rafael-egresado-de-la-escuela-profesional-de-ingenieria-de-industrias-alimentarias-de-la-upeu-campus-juliaca-representa-al-peru-en-concurso-mundial-en-alemania￼/index.html]
[upeu.edu.pe/wp-content/uploads/2022/03/03.png]
[upeu.edu.pe/noticias-upeu/index.html]
[upeu.edu.pe/noticias/la-upeu-entrego-los-ejemplares-de-los-convenios-marco-y-especifico-a-la-unalm-para-la-cooperacion-interinstitucional/index.html]
[upeu.edu.pe/noticias/category/noticias/index.html]
[upeu.edu.pe/noticias/la-escuela-profesional-de-medicina-ya-se-encuentra-en-el-registro-de-la-ecfmg/index.html]
[upeu.edu.pe/noticias/upeu-premio-a-estudiantes-por-proyecto-de-innovacion-que-previene-la-anemia/index.html]
[upeu.edu.pe/wp-content/plugins/revslider/public/assets/fonts/font-awesome/fonts/fontawesome-webfont3e6e.woff2]
[upeu.edu.pe/librodereclamaciones/index.html]
[upeu.edu.pe/index.html]
[upeu.edu.pe/wp-content/plugins/wp-video-lightbox/images/prettyPhoto/default/sprite.png]
[upeu.edu.pe/wp-content/uploads/siteground-optimizer-assets/siteground-optimizer-combined-js-08b1f4062c66382b77ebeae552f8eb01.js]
[upeu.edu.pe/wp-content/plugins/easy-lightbox-wp/imgs/litebox-close.png]
[upeu.edu.pe/wp-content/plugins/tabs-responsive/assets/css/font-awesome/fonts/fontawesome-webfont862f.eot]
[upeu.edu.pe/wp-content/plugins/tabs-responsive/assets/css/font-awesome/fonts/fontawesome-webfontd41d.eot]
[upeu.edu.pe/wp-content/plugins/tabs-responsive/assets/css/font-awesome/fonts/fontawesome-webfont862f.woff]
[upeu.edu.pe/wp-content/plugins/tabs-responsive/assets/css/font-awesome/fonts/fontawesome-webfont862f.ttf]
[upeu.edu.pe/wp-content/plugins/tabs-responsive/assets/css/font-awesome/fonts/fontawesome-webfont862f.svg]
[upeu.edu.pe/wp-content/plugins/video-popup/css/vp-close-icon/fonts/vp-close-icon-font06c0.eot]
[upeu.edu.pe/wp-content/plugins/monarch/css/fonts/monarch.eot]
[upeu.edu.pe/wp-content/plugins/revslider/public/assets/fonts/font-awesome/fonts/fontawesome-webfont3e6e.eot]
[upeu.edu.pe/wp-content/plugins/revslider/public/assets/fonts/font-awesome/fonts/fontawesome-webfontd41d.eot]
[upeu.edu.pe/wp-content/plugins/revslider/public/assets/fonts/font-awesome/fonts/fontawesome-webfont3e6e.woff]
[upeu.edu.pe/wp-content/plugins/revslider/public/assets/fonts/font-awesome/fonts/fontawesome-webfont3e6e.ttf]
[upeu.edu.pe/wp-content/plugins/revslider/public/assets/fonts/font-awesome/fonts/fontawesome-webfont3e6e.svg]
[upeu.edu.pe/wp-includes/js/mediaelement/mejs-controls.svg]
[upeu.edu.pe/wp-content/plugins/revslider/public/assets/fonts/revicons/revicons90c6.eot]
[upeu.edu.pe/wp-content/plugins/revslider/public/assets/fonts/revicons/revicons90c6.woff]
[upeu.edu.pe/wp-content/plugins/revslider/public/assets/fonts/revicons/revicons90c6.ttf]
[upeu.edu.pe/wp-content/plugins/revslider/public/assets/fonts/revicons/revicons90c6.svg]
[upeu.edu.pe/wp-content/plugins/revslider/public/assets/assets/gridtile.png]
[upeu.edu.pe/wp-content/plugins/revslider/public/assets/assets/gridtile_white.png]
[upeu.edu.pe/wp-content/plugins/revslider/public/assets/assets/gridtile_3x3.png]
[upeu.edu.pe/wp-content/plugins/revslider/public/assets/assets/gridtile_3x3_white.png]
[upeu.edu.pe/wp-content/plugins/revslider/public/assets/assets/coloredbg.png]
[upeu.edu.pe/wp-content/plugins/revslider/public/assets/assets/loader.gif]
[upeu.edu.pe/wp-content/uploads/siteground-optimizer-assets/siteground-optimizer-combined-css-1261aff55c09c38bc801b98f3e912be3.css]
[upeu.edu.pe/wp-content/plugins/popups-for-divi/styles/front.min.css]
[upeu.edu.pe/wp-content/plugins/divi-image-hover-pro-module/styles/style.min.css]
[upeu.edu.pe/wp-content/plugins/divimenus/styles/style.min.css]
[upeu.edu.pe/wp-content/plugins/revslider/admin/includes/shortcode_generator/divi/styles/style.min.css]
[upeu.edu.pe/wp-content/themes/Divi/style-static.min.css]
[www.googletagmanager.com/gtm5445.html]
[upeu.edu.pe/wp-content/et-cache/1/1/128/et-core-unified-tb-7-128.min4821.css]
[upeu.edu.pe/wp-content/et-cache/1/1/128/et-core-unified-tb-7-deferred-128.min4821.css]
[upeu.edu.pe/transparencia/index.html]
[upeu.edu.pe/reavivados-por-su-palabra/index.html]
[upeu.edu.pe/wp-content/uploads/2022/04/logo-upeu-dark-svg.svg]
[upeu.edu.pe/conocenos/index.html]
[upeu.edu.pe/administracion-upeu/index.html]
[upeu.edu.pe/himno-upeu/index.html]
[upeu.edu.pe/mision-y-vision/index.html]
[upeu.edu.pe/resena-historica/index.html]
[upeu.edu.pe/universidad-saludable/index.html]
[upeu.edu.pe/secretariageneral/index.html]
[upeu.edu.pe/fce/index.html]
[upeu.edu.pe/fce/administracion/index.html]
[upeu.edu.pe/fce/administracion-en-gestion-empresarial/index.html]
[upeu.edu.pe/fce/contabilidad/index.html]
[upeu.edu.pe/fce/marketing/index.html]
[upeu.edu.pe/facihed/index.html]
[upeu.edu.pe/facihed/ciencias-de-la-comunicacion/index.html]
[upeu.edu.pe/facihed/educacion/index.html]
[upeu.edu.pe/fia/index.html]
[upeu.edu.pe/fia/arquitectura-2/index.html]
[upeu.edu.pe/fia/industrias-alimentarias/index.html]
[upeu.edu.pe/fia/ingsistemas/index.html]
[upeu.edu.pe/fia/ing-ambiental/index.html]
[upeu.edu.pe/fia/ing-civil/index.html]
[upeu.edu.pe/fsalud/index.html]
[upeu.edu.pe/fsalud/enfermeria/index.html]
[upeu.edu.pe/fsalud/nutricion-humana/index.html]
[upeu.edu.pe/fsalud/psicologia/index.html]
[upeu.edu.pe/teologia/index.html]
[upeu.edu.pe/investigacion/index.html]
[upeu.edu.pe/noticias/egresado-de-la-upeu-represento-a-peru-en-cumbre-virtual-de-software-junto-a-lideres-de-tecnologia-del-mundo/index.html]
[upeu.edu.pe/noticias/docente-de-la-escuela-de-medicina-es-premiado-por-su-investigacion-cientifica/index.html]
[upeu.edu.pe/noticias/romulo-giovani-rafael-egresado-de-la-escuela-profesional-de-ingenieria-de-industrias-alimentarias-de-la-upeu-campus-juliaca-representa-al-peru-en-concurso-mundial-en-alemania￼/index.html]
[upeu.edu.pe/noticias-upeu/index.html]
[upeu.edu.pe/noticias/la-upeu-entrego-los-ejemplares-de-los-convenios-marco-y-especifico-a-la-unalm-para-la-cooperacion-interinstitucional/index.html]
[upeu.edu.pe/noticias/category/noticias/index.html]
[upeu.edu.pe/noticias/la-escuela-profesional-de-medicina-ya-se-encuentra-en-el-registro-de-la-ecfmg/index.html]
[upeu.edu.pe/noticias/upeu-premio-a-estudiantes-por-proyecto-de-innovacion-que-previene-la-anemia/index.html]
[upeu.edu.pe/librodereclamaciones/index.html]
[upeu.edu.pe/wp-content/plugins/wp-video-lightbox/index.html]
[upeu.edu.pe/wp-content/plugins/tabs-responsive/assets/css/font-awesome/fonts/fontawesome-webfont862f.svg]
[upeu.edu.pe/wp-content/plugins/revslider/public/assets/fonts/font-awesome/fonts/fontawesome-webfont3e6e.svg]
[upeu.edu.pe/wp-includes/js/mediaelement/mejs-controls.svg]
[upeu.edu.pe/wp-content/plugins/revslider/public/assets/fonts/revicons/revicons90c6.svg]
[upeu.edu.pe/wp-content/plugins/revslider/public/assets/css/openhand.html]
[upeu.edu.pe/wp-content/plugins/revslider/public/assets/css/closedhand.html]
[upeu.edu.pe/xmlrpc0db0.php]
[upeu.edu.pe/wp-includes/wlwmanifest.xml]
[upeu.edu.pe/normatividad-institucional/index.html]
[upeu.edu.pe/wp-content/uploads/2022/01/fac-fia.jpg]
[upeu.edu.pe/wp-content/uploads/2022/01/fac-salud.jpg]
[upeu.edu.pe/wp-content/uploads/2022/01/fac-teo.jpg]
[upeu.edu.pe/xmlrpc.php]
[upeu.edu.pe/wp-content/uploads/useanyfont/wp-content/uploads/useanyfont/7810brush-script-mt.html]
